../Drivers/CMSIS/Include/core_cm4.h:1688:22:__NVIC_EnableIRQ	16	static
../Drivers/CMSIS/Include/core_cm4.h:1816:22:__NVIC_SetPriority	16	static
../Core/Src/main.c:26:5:main	16	static
../Core/Src/main.c:61:6:start_rx_interrupt	8	static
../Core/Src/main.c:71:6:HandlerTask	16	static
../Core/Src/main.c:82:6:USART2_IRQHandler	16	static,ignoring_inline_asm
../Core/Src/main.c:100:6:SystemClock_Config	88	static
../Core/Src/main.c:149:13:MX_GPIO_Init	16	static
../Core/Src/main.c:182:6:HAL_TIM_PeriodElapsedCallback	16	static
../Core/Src/main.c:199:6:Error_Handler	4	static,ignoring_inline_asm
