../Core/Src/main.c:27:5:main	16	static
../Core/Src/main.c:66:6:vBlueLedControllerTask	16	static
../Core/Src/main.c:74:6:vRedLedControllerTask	16	static
../Core/Src/main.c:83:6:vGreenLedControllerTask	16	static
../Core/Src/main.c:90:5:__io_putchar	16	static
../Core/Src/main.c:95:6:SystemClock_Config	88	static
../Core/Src/main.c:137:13:MX_USART2_UART_Init	8	static
../Core/Src/main.c:170:13:MX_GPIO_Init	16	static
../Core/Src/main.c:203:6:HAL_TIM_PeriodElapsedCallback	16	static
../Core/Src/main.c:220:6:Error_Handler	4	static,ignoring_inline_asm
