../Core/Src/main.c:28:5:main	152	static
../Core/Src/main.c:89:6:vRedLedControllerTask	24	static
../Core/Src/main.c:101:6:vOrangeLedControllerTask	24	static
../Core/Src/main.c:111:6:vGreenLedControllerTask	24	static
../Core/Src/main.c:122:6:vBlueLedControllerTask	24	static
../Core/Src/main.c:133:5:USART2_write	16	static
../Core/Src/main.c:141:5:__io_putchar	16	static
../Core/Src/main.c:147:6:SystemClock_Config	88	static
../Core/Src/main.c:189:13:MX_USART2_UART_Init	8	static
../Core/Src/main.c:222:13:MX_GPIO_Init	16	static
../Core/Src/main.c:255:6:HAL_TIM_PeriodElapsedCallback	16	static
../Core/Src/main.c:272:6:Error_Handler	4	static,ignoring_inline_asm
