../Core/Src/main.c:24:5:main	16	static
../Core/Src/main.c:66:6:SenderTask	32	static
../Core/Src/main.c:82:6:ReceiverTask	32	static
../Core/Src/main.c:99:5:uart2_wrtie	16	static
../Core/Src/main.c:107:5:__io_putchar	16	static
../Core/Src/main.c:119:6:SystemClock_Config	88	static
../Core/Src/main.c:161:13:MX_USART2_UART_Init	8	static
../Core/Src/main.c:194:13:MX_GPIO_Init	16	static
../Core/Src/main.c:227:6:HAL_TIM_PeriodElapsedCallback	16	static
../Core/Src/main.c:244:6:Error_Handler	4	static,ignoring_inline_asm
