../Core/Src/main.c:23:5:main	16	static
../Core/Src/main.c:62:6:vBlueLedControllerTask	16	static
../Core/Src/main.c:69:6:vRedLedControllerTask	16	static
../Core/Src/main.c:76:6:vGreenLedControllerTask	16	static
../Core/Src/main.c:83:5:__io_putchar	16	static
../Core/Src/main.c:88:6:vApplicationIdleHook	4	static
../Core/Src/main.c:92:6:SystemClock_Config	88	static
../Core/Src/main.c:134:13:MX_USART2_UART_Init	8	static
../Core/Src/main.c:167:13:MX_GPIO_Init	16	static
../Core/Src/main.c:200:6:HAL_TIM_PeriodElapsedCallback	16	static
../Core/Src/main.c:217:6:Error_Handler	4	static,ignoring_inline_asm
