../Core/Src/main.c:31:5:main	152	static
../Core/Src/main.c:92:6:vRedLedControllerTask	24	static
../Core/Src/main.c:103:6:vOrangeLedControllerTask	24	static
../Core/Src/main.c:112:6:vGreenLedControllerTask	24	static
../Core/Src/main.c:132:6:vBlueLedControllerTask	24	static
../Core/Src/main.c:151:5:USART2_write	16	static
../Core/Src/main.c:159:5:__io_putchar	16	static
../Core/Src/main.c:165:6:SystemClock_Config	88	static
../Core/Src/main.c:207:13:MX_USART2_UART_Init	8	static
../Core/Src/main.c:240:13:MX_GPIO_Init	16	static
../Core/Src/main.c:273:6:HAL_TIM_PeriodElapsedCallback	16	static
../Core/Src/main.c:290:6:Error_Handler	4	static,ignoring_inline_asm
