../Core/Src/main.c:24:5:main	16	static
../Core/Src/main.c:67:6:vSenderTask1	24	static
../Core/Src/main.c:82:6:vSenderTask2	24	static
../Core/Src/main.c:97:6:vReceiverTask	24	static
../Core/Src/main.c:113:5:uart2_wrtie	16	static
../Core/Src/main.c:121:5:__io_putchar	16	static
../Core/Src/main.c:133:6:SystemClock_Config	88	static
../Core/Src/main.c:175:13:MX_USART2_UART_Init	8	static
../Core/Src/main.c:208:13:MX_GPIO_Init	16	static
../Core/Src/main.c:241:6:HAL_TIM_PeriodElapsedCallback	16	static
../Core/Src/main.c:258:6:Error_Handler	4	static,ignoring_inline_asm
