../Core/Src/main.c:24:5:main	152	static
../Core/Src/main.c:83:6:vRedLedControllerTask	24	static
../Core/Src/main.c:92:6:vOrangeLedControllerTask	24	static
../Core/Src/main.c:101:6:vGreenLedControllerTask	24	static
../Core/Src/main.c:110:6:vBlueLedControllerTask	24	static
../Core/Src/main.c:120:5:USART2_write	16	static
../Core/Src/main.c:128:5:__io_putchar	16	static
../Core/Src/main.c:134:6:SystemClock_Config	88	static
../Core/Src/main.c:176:13:MX_USART2_UART_Init	8	static
../Core/Src/main.c:209:13:MX_GPIO_Init	16	static
../Core/Src/main.c:242:6:HAL_TIM_PeriodElapsedCallback	16	static
../Core/Src/main.c:259:6:Error_Handler	4	static,ignoring_inline_asm
