../Core/Src/main.c:25:5:main	16	static
../Core/Src/main.c:78:6:SenderTask1	32	static
../Core/Src/main.c:94:6:SenderTask2	32	static
../Core/Src/main.c:110:6:ReceiverTask	32	static
../Core/Src/main.c:127:5:uart2_wrtie	16	static
../Core/Src/main.c:135:5:__io_putchar	16	static
../Core/Src/main.c:147:6:SystemClock_Config	88	static
../Core/Src/main.c:189:13:MX_USART2_UART_Init	8	static
../Core/Src/main.c:222:13:MX_GPIO_Init	16	static
../Core/Src/main.c:255:6:HAL_TIM_PeriodElapsedCallback	16	static
../Core/Src/main.c:272:6:Error_Handler	4	static,ignoring_inline_asm
