../Core/Src/main.c:39:5:main	16	static
../Core/Src/main.c:91:6:SenderTask	32	static
../Core/Src/main.c:110:6:ReceiverTask	24	static
../Core/Src/main.c:129:5:uart2_wrtie	16	static
../Core/Src/main.c:137:5:__io_putchar	16	static
../Core/Src/main.c:149:6:SystemClock_Config	88	static
../Core/Src/main.c:191:13:MX_USART2_UART_Init	8	static
../Core/Src/main.c:224:13:MX_GPIO_Init	16	static
../Core/Src/main.c:257:6:HAL_TIM_PeriodElapsedCallback	16	static
../Core/Src/main.c:274:6:Error_Handler	4	static,ignoring_inline_asm
