../Core/Src/main.c:35:5:main	16	static
../Core/Src/main.c:74:6:SenderTask	32	static
../Core/Src/main.c:92:6:ReceiverTask	24	static
../Core/Src/main.c:121:5:uart2_wrtie	16	static
../Core/Src/main.c:129:5:__io_putchar	16	static
../Core/Src/main.c:141:6:SystemClock_Config	88	static
../Core/Src/main.c:183:13:MX_USART2_UART_Init	8	static
../Core/Src/main.c:216:13:MX_GPIO_Init	16	static
../Core/Src/main.c:249:6:HAL_TIM_PeriodElapsedCallback	16	static
../Core/Src/main.c:266:6:Error_Handler	4	static,ignoring_inline_asm
