../Core/Src/main.c:25:5:main	16	static
../Core/Src/main.c:64:6:vBlueLedControllerTask	16	static
../Core/Src/main.c:72:6:vRedLedControllerTask	16	static
../Core/Src/main.c:80:6:vGreenLedControllerTask	16	static
../Core/Src/main.c:88:6:vApplicationIdleHook	4	static
../Core/Src/main.c:91:5:__io_putchar	16	static
../Core/Src/main.c:96:6:SystemClock_Config	88	static
../Core/Src/main.c:138:13:MX_USART2_UART_Init	8	static
../Core/Src/main.c:171:13:MX_GPIO_Init	16	static
../Core/Src/main.c:204:6:HAL_TIM_PeriodElapsedCallback	16	static
../Core/Src/main.c:221:6:Error_Handler	4	static,ignoring_inline_asm
