../Core/Src/main.c:51:5:main	152	static
../Core/Src/main.c:122:6:vRedLedControllerTask	16	static
../Core/Src/main.c:137:6:vOrangeLedControllerTask	16	static
../Core/Src/main.c:146:6:vGreenLedControllerTask	16	static
../Core/Src/main.c:157:6:vBlueLedControllerTask	16	static
../Core/Src/main.c:177:6:Timer1_Callback	16	static
../Core/Src/main.c:181:6:Timer2_Callback	16	static
../Core/Src/main.c:185:5:USART2_write	16	static
../Core/Src/main.c:193:5:__io_putchar	16	static
../Core/Src/main.c:199:6:SystemClock_Config	88	static
../Core/Src/main.c:241:13:MX_USART2_UART_Init	8	static
../Core/Src/main.c:274:13:MX_GPIO_Init	16	static
../Core/Src/main.c:307:6:HAL_TIM_PeriodElapsedCallback	16	static
../Core/Src/main.c:324:6:Error_Handler	4	static,ignoring_inline_asm
